
 Start  Stop   Length Name               Class

 00000H 0437CH 0437DH _TEXT              CODE
 0437DH 04923H 005A7H PBUTIL_TEXT        CODE
 04924H 0583BH 00F18H USERPACK_TEXT      CODE
 0583CH 06E92H 01657H MSGPACK_TEXT       CODE
 06E93H 0834BH 014B9H FC_TEXT            CODE
 0834CH 08844H 004F9H MSGIDX_TEXT        CODE
 08845H 091EDH 009A9H NODELIST_TEXT      CODE
 091EEH 0A873H 01686H USERSORT_TEXT      CODE
 0A874H 0ACD1H 0045EH USERKILL_TEXT      CODE
 0ACD2H 0AECCH 001FBH USERIDX_TEXT       CODE
 0AECDH 0AECDH 00000H MSGKILL_TEXT       CODE
 0AECDH 0B4EDH 00621H MSGLINK_TEXT       CODE
 0B4EEH 0B4EEH 00000H MSGREP_TEXT        CODE
 0B4EEH 0B764H 00277H MUSPLAY_TEXT       CODE
 0B765H 0BFB9H 00855H USERFIX_TEXT       CODE
 0BFBAH 0C275H 002BCH FIDX_TEXT          CODE
 0C276H 0C6B0H 0043BH CHECKBL_TEXT       CODE
 0C6B1H 0D6F4H 01044H JAMPACK_TEXT       CODE
 0D6F5H 0E00BH 00917H MAINT_TEXT         CODE
 0E00CH 0EFF6H 00FEBH HATCH_TEXT         CODE
 0EFF7H 0F725H 0072FH PB_LIB_TEXT        CODE
 0F726H 12223H 02AFEH USER_TEXT          CODE
 12224H 1375AH 01537H DATE_TEXT          CODE
 1375BH 139D8H 0027EH DIRSCAN_TEXT       CODE
 139DAH 13A11H 00038H FIND_TEXT          CODE
 13A12H 1498FH 00F7EH DSTRING_TEXT       CODE
 14990H 14B30H 001A1H BITARRAY_TEXT      CODE
 14B31H 14D8CH 0025CH MISC_TEXT          CODE
 14D8DH 14E60H 000D4H CRC16_TEXT         CODE
 14E61H 14FA5H 00145H CRC32_TEXT         CODE
 14FA6H 153AFH 0040AH FUZZY_TEXT         CODE
 153B0H 15417H 00068H FORM_TEXT          CODE
 15418H 15531H 0011AH MSDOS_TEXT         CODE
 15532H 15A50H 0051FH FNAME_TEXT         CODE
 15A51H 16D82H 01332H FILE_TEXT          CODE
 16D83H 17408H 00686H DIRFUNC_TEXT       CODE
 17409H 1765BH 00253H COPYFILE_TEXT      CODE
 17660H 17660H 00000H _FARDATA           FAR_DATA
 17660H 17660H 00000H _FARBSS            FAR_BSS
 17660H 17660H 00000H _OVERLAY_          OVRINFO
 17660H 17660H 00000H _1STUB_            STUBSEG
 17660H 1BF0BH 048ACH _DATA              DATA
 1BF0CH 1BF0DH 00002H _CVTSEG            DATA
 1BF0EH 1BF13H 00006H _SCNSEG            DATA
 1BF14H 1BF14H 00000H _CONST             CONST
 1BF14H 1BF3DH 0002AH _INIT_             INITDATA
 1BF3EH 1BF3EH 00000H _INITEND_          INITDATA
 1BF3EH 1BF4FH 00012H _EXIT_             EXITDATA
 1BF50H 1BF50H 00000H _EXITEND_          EXITDATA
 1BF50H 1D1EBH 0129CH _BSS               BSS
 1D1ECH 1D1ECH 00000H _BSSEND            BSSEND
 1D1F0H 1D26FH 00080H _STACK             STACK

Program entry point at 0000:0000

